===== GA n_outer=11 (存档) =====
GA 完成：11 外圈点（+7 基点 + 原点 = 19 位置）
精英榜（前 10，供演练实测）：
  #1: 定向缺听 0.1915% 贴边 0 路线 16575 m
最优验证：定向听到 99.9848% 全向 100.0000% 贴边 0 TSP 17069 m（247s）
===== nn11#1 (20 局) =====
elite#1(dir 0.192%,16575m) seed0: 虚拟 7915s 里程 31504m 测向 246 顺路 7h/7f 清 16
elite#1(dir 0.192%,16575m) seed1: 虚拟 7302s 里程 27307m 测向 288 顺路 4h/2f 清 11
elite#1(dir 0.192%,16575m) seed2: 虚拟 7179s 里程 29638m 测向 194 顺路 8h/3f 清 16
elite#1(dir 0.192%,16575m) seed3: 虚拟 6430s 里程 23527m 测向 278 顺路 4h/1f 清 11
elite#1(dir 0.192%,16575m) seed4: 虚拟 5667s 里程 21302m 测向 224 顺路 8h/3f 清 11
elite#1(dir 0.192%,16575m) seed5: 虚拟 6379s 里程 25729m 测向 192 顺路 5h/4f 清 14
elite#1(dir 0.192%,16575m) seed6: 虚拟 7549s 里程 27581m 测向 317 顺路 0h/4f 清 15
elite#1(dir 0.192%,16575m) seed7: 虚拟 7516s 里程 29756m 测向 247 顺路 6h/8f 清 12
elite#1(dir 0.192%,16575m) seed8: 虚拟 7193s 里程 27331m 测向 278 顺路 2h/3f 清 11
elite#1(dir 0.192%,16575m) seed9: 虚拟 8248s 里程 31017m 测向 317 顺路 1h/4f 清 13
elite#1(dir 0.192%,16575m) seed10: 虚拟 6646s 里程 25985m 测向 228 顺路 8h/4f 清 14
elite#1(dir 0.192%,16575m) seed11: 虚拟 6978s 里程 26387m 测向 268 顺路 7h/5f 清 13
elite#1(dir 0.192%,16575m) seed12: 虚拟 7467s 里程 28171m 测向 289 顺路 4h/4f 清 13
elite#1(dir 0.192%,16575m) seed13: 虚拟 7096s 里程 27207m 测向 263 顺路 7h/3f 清 12
elite#1(dir 0.192%,16575m) seed14: 虚拟 7552s 里程 28155m 测向 307 顺路 4h/1f 清 10
elite#1(dir 0.192%,16575m) seed15: 虚拟 7153s 里程 26595m 测向 294 顺路 6h/3f 清 11
elite#1(dir 0.192%,16575m) seed16: 虚拟 6202s 里程 23321m 测向 246 顺路 8h/1f 清 12
elite#1(dir 0.192%,16575m) seed17: 虚拟 7044s 里程 28204m 测向 221 顺路 5h/3f 清 14
elite#1(dir 0.192%,16575m) seed18: 虚拟 7166s 里程 27445m 测向 270 顺路 4h/3f 清 11
elite#1(dir 0.192%,16575m) seed19: 虚拟 6900s 里程 27022m 测向 236 顺路 8h/3f 清 15
